0	JPEGImages/000001.jpg	SegmentationClass/000001_index.png
0	JPEGImages/000002.jpg	SegmentationClass/000002_index.png
0	JPEGImages/000003.jpg	SegmentationClass/000003_index.png
0	JPEGImages/000004.jpg	SegmentationClass/000004_index.png
0	JPEGImages/000005.jpg	SegmentationClass/000005_index.png
0	JPEGImages/000006.jpg	SegmentationClass/000006_index.png
0	JPEGImages/000007.jpg	SegmentationClass/000007_index.png
0	JPEGImages/000008.jpg	SegmentationClass/000008_index.png
0	JPEGImages/000009.jpg	SegmentationClass/000009_index.png
0	JPEGImages/000010.jpg	SegmentationClass/000010_index.png
0	JPEGImages/000011.jpg	SegmentationClass/000011_index.png
0	JPEGImages/000013.jpg	SegmentationClass/000013_index.png
0	JPEGImages/000014.jpg	SegmentationClass/000014_index.png
0	JPEGImages/000015.jpg	SegmentationClass/000015_index.png
0	JPEGImages/000016.jpg	SegmentationClass/000016_index.png
0	JPEGImages/000017.jpg	SegmentationClass/000017_index.png
0	JPEGImages/000018.jpg	SegmentationClass/000018_index.png
0	JPEGImages/000019.jpg	SegmentationClass/000019_index.png
0	JPEGImages/000020.jpg	SegmentationClass/000020_index.png
0	JPEGImages/000021.jpg	SegmentationClass/000021_index.png
0	JPEGImages/000022.jpg	SegmentationClass/000022_index.png
0	JPEGImages/000023.jpg	SegmentationClass/000023_index.png
0	JPEGImages/000024.jpg	SegmentationClass/000024_index.png
0	JPEGImages/000025.jpg	SegmentationClass/000025_index.png
0	JPEGImages/000026.jpg	SegmentationClass/000026_index.png
0	JPEGImages/000027.jpg	SegmentationClass/000027_index.png
0	JPEGImages/000028.jpg	SegmentationClass/000028_index.png
0	JPEGImages/000029.jpg	SegmentationClass/000029_index.png
0	JPEGImages/000030.jpg	SegmentationClass/000030_index.png
0	JPEGImages/000031.jpg	SegmentationClass/000031_index.png
0	JPEGImages/000032.jpg	SegmentationClass/000032_index.png
0	JPEGImages/000033.jpg	SegmentationClass/000033_index.png
0	JPEGImages/000034.jpg	SegmentationClass/000034_index.png
0	JPEGImages/000035.jpg	SegmentationClass/000035_index.png
0	JPEGImages/000036.jpg	SegmentationClass/000036_index.png
0	JPEGImages/000037.jpg	SegmentationClass/000037_index.png
0	JPEGImages/000038.jpg	SegmentationClass/000038_index.png
0	JPEGImages/000039.jpg	SegmentationClass/000039_index.png
0	JPEGImages/000040.jpg	SegmentationClass/000040_index.png
0	JPEGImages/000041.jpg	SegmentationClass/000041_index.png
0	JPEGImages/000042.jpg	SegmentationClass/000042_index.png
0	JPEGImages/000043.jpg	SegmentationClass/000043_index.png
0	JPEGImages/000044.jpg	SegmentationClass/000044_index.png
0	JPEGImages/000045.jpg	SegmentationClass/000045_index.png
0	JPEGImages/000046.jpg	SegmentationClass/000046_index.png
0	JPEGImages/000048.jpg	SegmentationClass/000048_index.png
0	JPEGImages/000049.jpg	SegmentationClass/000049_index.png
0	JPEGImages/000050.jpg	SegmentationClass/000050_index.png
0	JPEGImages/000052.jpg	SegmentationClass/000052_index.png
0	JPEGImages/000053.jpg	SegmentationClass/000053_index.png
0	JPEGImages/000054.jpg	SegmentationClass/000054_index.png
0	JPEGImages/000055.jpg	SegmentationClass/000055_index.png
0	JPEGImages/000058.jpg	SegmentationClass/000058_index.png
0	JPEGImages/000059.jpg	SegmentationClass/000059_index.png
0	JPEGImages/000060.jpg	SegmentationClass/000060_index.png
0	JPEGImages/000061.jpg	SegmentationClass/000061_index.png
0	JPEGImages/000062.jpg	SegmentationClass/000062_index.png
0	JPEGImages/000063.jpg	SegmentationClass/000063_index.png
0	JPEGImages/000064.jpg	SegmentationClass/000064_index.png
0	JPEGImages/000065.jpg	SegmentationClass/000065_index.png
0	JPEGImages/000066.jpg	SegmentationClass/000066_index.png
0	JPEGImages/000068.jpg	SegmentationClass/000068_index.png
0	JPEGImages/000069.jpg	SegmentationClass/000069_index.png
0	JPEGImages/000070.jpg	SegmentationClass/000070_index.png
0	JPEGImages/000071.jpg	SegmentationClass/000071_index.png
0	JPEGImages/000072.jpg	SegmentationClass/000072_index.png
0	JPEGImages/000073.jpg	SegmentationClass/000073_index.png
0	JPEGImages/000074.jpg	SegmentationClass/000074_index.png
0	JPEGImages/000075.jpg	SegmentationClass/000075_index.png
0	JPEGImages/000076.jpg	SegmentationClass/000076_index.png
0	JPEGImages/000077.jpg	SegmentationClass/000077_index.png
0	JPEGImages/000078.jpg	SegmentationClass/000078_index.png
0	JPEGImages/000079.jpg	SegmentationClass/000079_index.png
0	JPEGImages/000080.jpg	SegmentationClass/000080_index.png
0	JPEGImages/000081.jpg	SegmentationClass/000081_index.png
0	JPEGImages/000082.jpg	SegmentationClass/000082_index.png
0	JPEGImages/000083.jpg	SegmentationClass/000083_index.png
0	JPEGImages/000084.jpg	SegmentationClass/000084_index.png
0	JPEGImages/000085.jpg	SegmentationClass/000085_index.png
0	JPEGImages/000086.jpg	SegmentationClass/000086_index.png
0	JPEGImages/000087.jpg	SegmentationClass/000087_index.png
0	JPEGImages/000088.jpg	SegmentationClass/000088_index.png
0	JPEGImages/000089.jpg	SegmentationClass/000089_index.png
0	JPEGImages/000090.jpg	SegmentationClass/000090_index.png
0	JPEGImages/000091.jpg	SegmentationClass/000091_index.png
0	JPEGImages/000093.jpg	SegmentationClass/000093_index.png
0	JPEGImages/000094.jpg	SegmentationClass/000094_index.png
0	JPEGImages/000095.jpg	SegmentationClass/000095_index.png
0	JPEGImages/000096.jpg	SegmentationClass/000096_index.png
0	JPEGImages/000097.jpg	SegmentationClass/000097_index.png
0	JPEGImages/000098.jpg	SegmentationClass/000098_index.png
0	JPEGImages/000099.jpg	SegmentationClass/000099_index.png
0	JPEGImages/000100.jpg	SegmentationClass/000100_index.png
0	JPEGImages/000101.jpg	SegmentationClass/000101_index.png
0	JPEGImages/000102.jpg	SegmentationClass/000102_index.png
0	JPEGImages/000103.jpg	SegmentationClass/000103_index.png
0	JPEGImages/000105.jpg	SegmentationClass/000105_index.png
0	JPEGImages/000106.jpg	SegmentationClass/000106_index.png
0	JPEGImages/000107.jpg	SegmentationClass/000107_index.png
0	JPEGImages/000108.jpg	SegmentationClass/000108_index.png
0	JPEGImages/000109.jpg	SegmentationClass/000109_index.png
0	JPEGImages/000110.jpg	SegmentationClass/000110_index.png
0	JPEGImages/000111.jpg	SegmentationClass/000111_index.png
0	JPEGImages/000112.jpg	SegmentationClass/000112_index.png
0	JPEGImages/000113.jpg	SegmentationClass/000113_index.png
0	JPEGImages/000114.jpg	SegmentationClass/000114_index.png
0	JPEGImages/000115.jpg	SegmentationClass/000115_index.png
0	JPEGImages/000116.jpg	SegmentationClass/000116_index.png
0	JPEGImages/000117.jpg	SegmentationClass/000117_index.png
0	JPEGImages/000118.jpg	SegmentationClass/000118_index.png
0	JPEGImages/000119.jpg	SegmentationClass/000119_index.png
0	JPEGImages/000120.jpg	SegmentationClass/000120_index.png
0	JPEGImages/000121.jpg	SegmentationClass/000121_index.png
0	JPEGImages/000122.jpg	SegmentationClass/000122_index.png
0	JPEGImages/000123.jpg	SegmentationClass/000123_index.png
0	JPEGImages/000124.jpg	SegmentationClass/000124_index.png
0	JPEGImages/000125.jpg	SegmentationClass/000125_index.png
0	JPEGImages/000126.jpg	SegmentationClass/000126_index.png
0	JPEGImages/000127.jpg	SegmentationClass/000127_index.png
0	JPEGImages/000128.jpg	SegmentationClass/000128_index.png
0	JPEGImages/000130.jpg	SegmentationClass/000130_index.png
0	JPEGImages/000131.jpg	SegmentationClass/000131_index.png
0	JPEGImages/000132.jpg	SegmentationClass/000132_index.png
0	JPEGImages/000134.jpg	SegmentationClass/000134_index.png
0	JPEGImages/000135.jpg	SegmentationClass/000135_index.png
0	JPEGImages/000137.jpg	SegmentationClass/000137_index.png
0	JPEGImages/000138.jpg	SegmentationClass/000138_index.png
0	JPEGImages/000139.jpg	SegmentationClass/000139_index.png
0	JPEGImages/000140.jpg	SegmentationClass/000140_index.png
0	JPEGImages/000141.jpg	SegmentationClass/000141_index.png
0	JPEGImages/000143.jpg	SegmentationClass/000143_index.png
0	JPEGImages/000144.jpg	SegmentationClass/000144_index.png
0	JPEGImages/000145.jpg	SegmentationClass/000145_index.png
0	JPEGImages/000146.jpg	SegmentationClass/000146_index.png
0	JPEGImages/000147.jpg	SegmentationClass/000147_index.png
0	JPEGImages/000148.jpg	SegmentationClass/000148_index.png
0	JPEGImages/000149.jpg	SegmentationClass/000149_index.png
0	JPEGImages/000150.jpg	SegmentationClass/000150_index.png
0	JPEGImages/000151.jpg	SegmentationClass/000151_index.png
0	JPEGImages/000152.jpg	SegmentationClass/000152_index.png
0	JPEGImages/000153.jpg	SegmentationClass/000153_index.png
0	JPEGImages/000154.jpg	SegmentationClass/000154_index.png
0	JPEGImages/000155.jpg	SegmentationClass/000155_index.png
0	JPEGImages/000156.jpg	SegmentationClass/000156_index.png
0	JPEGImages/000157.jpg	SegmentationClass/000157_index.png
0	JPEGImages/000159.jpg	SegmentationClass/000159_index.png
0	JPEGImages/000160.jpg	SegmentationClass/000160_index.png
0	JPEGImages/000161.jpg	SegmentationClass/000161_index.png
0	JPEGImages/000162.jpg	SegmentationClass/000162_index.png
0	JPEGImages/000163.jpg	SegmentationClass/000163_index.png
0	JPEGImages/000165.jpg	SegmentationClass/000165_index.png
0	JPEGImages/000167.jpg	SegmentationClass/000167_index.png
0	JPEGImages/000168.jpg	SegmentationClass/000168_index.png
0	JPEGImages/000169.jpg	SegmentationClass/000169_index.png
0	JPEGImages/000170.jpg	SegmentationClass/000170_index.png
0	JPEGImages/000171.jpg	SegmentationClass/000171_index.png
0	JPEGImages/000172.jpg	SegmentationClass/000172_index.png
0	JPEGImages/000173.jpg	SegmentationClass/000173_index.png
0	JPEGImages/000174.jpg	SegmentationClass/000174_index.png
0	JPEGImages/000175.jpg	SegmentationClass/000175_index.png
0	JPEGImages/000176.jpg	SegmentationClass/000176_index.png
0	JPEGImages/000177.jpg	SegmentationClass/000177_index.png
0	JPEGImages/000178.jpg	SegmentationClass/000178_index.png
0	JPEGImages/000179.jpg	SegmentationClass/000179_index.png
0	JPEGImages/000181.jpg	SegmentationClass/000181_index.png
0	JPEGImages/000182.jpg	SegmentationClass/000182_index.png
0	JPEGImages/000183.jpg	SegmentationClass/000183_index.png
0	JPEGImages/000184.jpg	SegmentationClass/000184_index.png
0	JPEGImages/000185.jpg	SegmentationClass/000185_index.png
0	JPEGImages/000186.jpg	SegmentationClass/000186_index.png
0	JPEGImages/000187.jpg	SegmentationClass/000187_index.png
0	JPEGImages/000188.jpg	SegmentationClass/000188_index.png
0	JPEGImages/000189.jpg	SegmentationClass/000189_index.png
0	JPEGImages/000190.jpg	SegmentationClass/000190_index.png
0	JPEGImages/000191.jpg	SegmentationClass/000191_index.png
0	JPEGImages/000193.jpg	SegmentationClass/000193_index.png
0	JPEGImages/000194.jpg	SegmentationClass/000194_index.png
0	JPEGImages/000195.jpg	SegmentationClass/000195_index.png
0	JPEGImages/000196.jpg	SegmentationClass/000196_index.png
0	JPEGImages/000197.jpg	SegmentationClass/000197_index.png
0	JPEGImages/000198.jpg	SegmentationClass/000198_index.png
0	JPEGImages/000199.jpg	SegmentationClass/000199_index.png
0	JPEGImages/000200.jpg	SegmentationClass/000200_index.png
