0	JPEGImages/003001.jpg	SegmentationClass/003001.png
0	JPEGImages/003002.jpg	SegmentationClass/003002.png
0	JPEGImages/003003.jpg	SegmentationClass/003003.png
0	JPEGImages/003004.jpg	SegmentationClass/003004.png
0	JPEGImages/003005.jpg	SegmentationClass/003005.png
0	JPEGImages/003006.jpg	SegmentationClass/003006.png
0	JPEGImages/003007.jpg	SegmentationClass/003007.png
0	JPEGImages/003008.jpg	SegmentationClass/003008.png
0	JPEGImages/003009.jpg	SegmentationClass/003009.png
0	JPEGImages/003010.jpg	SegmentationClass/003010.png
0	JPEGImages/003011.jpg	SegmentationClass/003011.png
0	JPEGImages/003012.jpg	SegmentationClass/003012.png
0	JPEGImages/003013.jpg	SegmentationClass/003013.png
0	JPEGImages/003014.jpg	SegmentationClass/003014.png
0	JPEGImages/003015.jpg	SegmentationClass/003015.png
0	JPEGImages/003016.jpg	SegmentationClass/003016.png
0	JPEGImages/003017.jpg	SegmentationClass/003017.png
0	JPEGImages/003018.jpg	SegmentationClass/003018.png
0	JPEGImages/003019.jpg	SegmentationClass/003019.png
0	JPEGImages/003020.jpg	SegmentationClass/003020.png
