0	JPEGImages/003001.jpg	SegmentationClass/003001_index.png
0	JPEGImages/003002.jpg	SegmentationClass/003002_index.png
0	JPEGImages/003003.jpg	SegmentationClass/003003_index.png
0	JPEGImages/003004.jpg	SegmentationClass/003004_index.png
0	JPEGImages/003005.jpg	SegmentationClass/003005_index.png
0	JPEGImages/003006.jpg	SegmentationClass/003006_index.png
0	JPEGImages/003007.jpg	SegmentationClass/003007_index.png
0	JPEGImages/003008.jpg	SegmentationClass/003008_index.png
0	JPEGImages/003009.jpg	SegmentationClass/003009_index.png
0	JPEGImages/003010.jpg	SegmentationClass/003010_index.png
0	JPEGImages/003011.jpg	SegmentationClass/003011_index.png
0	JPEGImages/003012.jpg	SegmentationClass/003012_index.png
0	JPEGImages/003013.jpg	SegmentationClass/003013_index.png
0	JPEGImages/003014.jpg	SegmentationClass/003014_index.png
0	JPEGImages/003015.jpg	SegmentationClass/003015_index.png
0	JPEGImages/003016.jpg	SegmentationClass/003016_index.png
0	JPEGImages/003017.jpg	SegmentationClass/003017_index.png
0	JPEGImages/003018.jpg	SegmentationClass/003018_index.png
0	JPEGImages/003019.jpg	SegmentationClass/003019_index.png
0	JPEGImages/003020.jpg	SegmentationClass/003020_index.png
