0	JPEGImages/000032.jpg	SegmentationClass/000032.png
0	JPEGImages/000033.jpg	SegmentationClass/000033.png
0	JPEGImages/000042.jpg	SegmentationClass/000042.png
0	JPEGImages/000061.jpg	SegmentationClass/000061.png
0	JPEGImages/000129.jpg	SegmentationClass/000129.png
0	JPEGImages/000187.jpg	SegmentationClass/000187.png
0	JPEGImages/000250.jpg	SegmentationClass/000250.png
0	JPEGImages/000256.jpg	SegmentationClass/000256.png
0	JPEGImages/000528.jpg	SegmentationClass/000528.png
0	JPEGImages/000549.jpg	SegmentationClass/000549.png
0	JPEGImages/000559.jpg	SegmentationClass/000559.png
0	JPEGImages/000648.jpg	SegmentationClass/000648.png
0	JPEGImages/000733.jpg	SegmentationClass/000733.png
0	JPEGImages/000768.jpg	SegmentationClass/000768.png
0	JPEGImages/000793.jpg	SegmentationClass/000793.png
0	JPEGImages/000804.jpg	SegmentationClass/000804.png
0	JPEGImages/000822.jpg	SegmentationClass/000822.png
0	JPEGImages/000830.jpg	SegmentationClass/000830.png
0	JPEGImages/000904.jpg	SegmentationClass/000904.png
0	JPEGImages/000999.jpg	SegmentationClass/000999.png
0	JPEGImages/001073.jpg	SegmentationClass/001073.png
0	JPEGImages/001239.jpg	SegmentationClass/001239.png
0	JPEGImages/001299.jpg	SegmentationClass/001299.png
0	JPEGImages/001408.jpg	SegmentationClass/001408.png
0	JPEGImages/001420.jpg	SegmentationClass/001420.png
0	JPEGImages/001457.jpg	SegmentationClass/001457.png
0	JPEGImages/001526.jpg	SegmentationClass/001526.png
0	JPEGImages/001586.jpg	SegmentationClass/001586.png
0	JPEGImages/001594.jpg	SegmentationClass/001594.png
0	JPEGImages/001630.jpg	SegmentationClass/001630.png
0	JPEGImages/001717.jpg	SegmentationClass/001717.png
0	JPEGImages/001733.jpg	SegmentationClass/001733.png
0	JPEGImages/001761.jpg	SegmentationClass/001761.png
0	JPEGImages/001825.jpg	SegmentationClass/001825.png
0	JPEGImages/001834.jpg	SegmentationClass/001834.png
0	JPEGImages/001960.jpg	SegmentationClass/001960.png
0	JPEGImages/002055.jpg	SegmentationClass/002055.png
0	JPEGImages/002120.jpg	SegmentationClass/002120.png
0	JPEGImages/002132.jpg	SegmentationClass/002132.png
0	JPEGImages/002212.jpg	SegmentationClass/002212.png
0	JPEGImages/002234.jpg	SegmentationClass/002234.png
0	JPEGImages/002260.jpg	SegmentationClass/002260.png
0	JPEGImages/002284.jpg	SegmentationClass/002284.png
0	JPEGImages/002293.jpg	SegmentationClass/002293.png
0	JPEGImages/002368.jpg	SegmentationClass/002368.png
0	JPEGImages/002403.jpg	SegmentationClass/002403.png
0	JPEGImages/002445.jpg	SegmentationClass/002445.png
0	JPEGImages/002539.jpg	SegmentationClass/002539.png
0	JPEGImages/002545.jpg	SegmentationClass/002545.png
0	JPEGImages/002611.jpg	SegmentationClass/002611.png
0	JPEGImages/002648.jpg	SegmentationClass/002648.png
0	JPEGImages/002669.jpg	SegmentationClass/002669.png
0	JPEGImages/002845.jpg	SegmentationClass/002845.png
0	JPEGImages/002914.jpg	SegmentationClass/002914.png
0	JPEGImages/002953.jpg	SegmentationClass/002953.png
0	JPEGImages/003011.jpg	SegmentationClass/003011.png
0	JPEGImages/003051.jpg	SegmentationClass/003051.png
0	JPEGImages/003088.jpg	SegmentationClass/003088.png
0	JPEGImages/003106.jpg	SegmentationClass/003106.png
0	JPEGImages/003110.jpg	SegmentationClass/003110.png
0	JPEGImages/003134.jpg	SegmentationClass/003134.png
0	JPEGImages/003169.jpg	SegmentationClass/003169.png
0	JPEGImages/003188.jpg	SegmentationClass/003188.png
0	JPEGImages/003205.jpg	SegmentationClass/003205.png
0	JPEGImages/003330.jpg	SegmentationClass/003330.png
0	JPEGImages/003349.jpg	SegmentationClass/003349.png
0	JPEGImages/003367.jpg	SegmentationClass/003367.png
0	JPEGImages/003373.jpg	SegmentationClass/003373.png
0	JPEGImages/003499.jpg	SegmentationClass/003499.png
0	JPEGImages/003506.jpg	SegmentationClass/003506.png
0	JPEGImages/003525.jpg	SegmentationClass/003525.png
0	JPEGImages/003529.jpg	SegmentationClass/003529.png
0	JPEGImages/003565.jpg	SegmentationClass/003565.png
0	JPEGImages/003604.jpg	SegmentationClass/003604.png
0	JPEGImages/003621.jpg	SegmentationClass/003621.png
0	JPEGImages/003714.jpg	SegmentationClass/003714.png
0	JPEGImages/003786.jpg	SegmentationClass/003786.png
0	JPEGImages/003788.jpg	SegmentationClass/003788.png
0	JPEGImages/003861.jpg	SegmentationClass/003861.png
0	JPEGImages/003889.jpg	SegmentationClass/003889.png
0	JPEGImages/003991.jpg	SegmentationClass/003991.png
0	JPEGImages/004009.jpg	SegmentationClass/004009.png
0	JPEGImages/004033.jpg	SegmentationClass/004033.png
0	JPEGImages/004052.jpg	SegmentationClass/004052.png
0	JPEGImages/004121.jpg	SegmentationClass/004121.png
0	JPEGImages/004189.jpg	SegmentationClass/004189.png
0	JPEGImages/004190.jpg	SegmentationClass/004190.png
0	JPEGImages/004241.jpg	SegmentationClass/004241.png
0	JPEGImages/004281.jpg	SegmentationClass/004281.png
0	JPEGImages/004291.jpg	SegmentationClass/004291.png
0	JPEGImages/004392.jpg	SegmentationClass/004392.png
0	JPEGImages/004481.jpg	SegmentationClass/004481.png
0	JPEGImages/004500.jpg	SegmentationClass/004500.png
0	JPEGImages/004510.jpg	SegmentationClass/004510.png
0	JPEGImages/004537.jpg	SegmentationClass/004537.png
0	JPEGImages/004627.jpg	SegmentationClass/004627.png
0	JPEGImages/004644.jpg	SegmentationClass/004644.png
0	JPEGImages/004705.jpg	SegmentationClass/004705.png
0	JPEGImages/004830.jpg	SegmentationClass/004830.png
0	JPEGImages/004841.jpg	SegmentationClass/004841.png
0	JPEGImages/004902.jpg	SegmentationClass/004902.png
0	JPEGImages/004951.jpg	SegmentationClass/004951.png
0	JPEGImages/005058.jpg	SegmentationClass/005058.png
0	JPEGImages/005086.jpg	SegmentationClass/005086.png
0	JPEGImages/005107.jpg	SegmentationClass/005107.png
0	JPEGImages/005114.jpg	SegmentationClass/005114.png
0	JPEGImages/005124.jpg	SegmentationClass/005124.png
0	JPEGImages/005130.jpg	SegmentationClass/005130.png
0	JPEGImages/005173.jpg	SegmentationClass/005173.png
0	JPEGImages/005262.jpg	SegmentationClass/005262.png
0	JPEGImages/005273.jpg	SegmentationClass/005273.png
0	JPEGImages/005304.jpg	SegmentationClass/005304.png
0	JPEGImages/005358.jpg	SegmentationClass/005358.png
0	JPEGImages/005360.jpg	SegmentationClass/005360.png
0	JPEGImages/005368.jpg	SegmentationClass/005368.png
0	JPEGImages/005509.jpg	SegmentationClass/005509.png
0	JPEGImages/005547.jpg	SegmentationClass/005547.png
0	JPEGImages/005600.jpg	SegmentationClass/005600.png
0	JPEGImages/005705.jpg	SegmentationClass/005705.png
0	JPEGImages/005803.jpg	SegmentationClass/005803.png
0	JPEGImages/005813.jpg	SegmentationClass/005813.png
0	JPEGImages/005859.jpg	SegmentationClass/005859.png
0	JPEGImages/005911.jpg	SegmentationClass/005911.png
0	JPEGImages/005951.jpg	SegmentationClass/005951.png
0	JPEGImages/006004.jpg	SegmentationClass/006004.png
0	JPEGImages/006066.jpg	SegmentationClass/006066.png
0	JPEGImages/006134.jpg	SegmentationClass/006134.png
0	JPEGImages/006171.jpg	SegmentationClass/006171.png
0	JPEGImages/006400.jpg	SegmentationClass/006400.png
0	JPEGImages/006483.jpg	SegmentationClass/006483.png
0	JPEGImages/006549.jpg	SegmentationClass/006549.png
0	JPEGImages/006560.jpg	SegmentationClass/006560.png
0	JPEGImages/006605.jpg	SegmentationClass/006605.png
0	JPEGImages/006660.jpg	SegmentationClass/006660.png
0	JPEGImages/006698.jpg	SegmentationClass/006698.png
0	JPEGImages/006704.jpg	SegmentationClass/006704.png
0	JPEGImages/006864.jpg	SegmentationClass/006864.png
0	JPEGImages/006866.jpg	SegmentationClass/006866.png
0	JPEGImages/006899.jpg	SegmentationClass/006899.png
0	JPEGImages/006900.jpg	SegmentationClass/006900.png
0	JPEGImages/007003.jpg	SegmentationClass/007003.png
0	JPEGImages/007007.jpg	SegmentationClass/007007.png
0	JPEGImages/007130.jpg	SegmentationClass/007130.png
0	JPEGImages/007154.jpg	SegmentationClass/007154.png
0	JPEGImages/007168.jpg	SegmentationClass/007168.png
0	JPEGImages/007250.jpg	SegmentationClass/007250.png
0	JPEGImages/007398.jpg	SegmentationClass/007398.png
0	JPEGImages/007417.jpg	SegmentationClass/007417.png
0	JPEGImages/007477.jpg	SegmentationClass/007477.png
0	JPEGImages/007481.jpg	SegmentationClass/007481.png
0	JPEGImages/007493.jpg	SegmentationClass/007493.png
0	JPEGImages/007524.jpg	SegmentationClass/007524.png
0	JPEGImages/007530.jpg	SegmentationClass/007530.png
0	JPEGImages/007621.jpg	SegmentationClass/007621.png
0	JPEGImages/007748.jpg	SegmentationClass/007748.png
0	JPEGImages/007795.jpg	SegmentationClass/007795.png
0	JPEGImages/007810.jpg	SegmentationClass/007810.png
0	JPEGImages/007836.jpg	SegmentationClass/007836.png
0	JPEGImages/007878.jpg	SegmentationClass/007878.png
0	JPEGImages/007908.jpg	SegmentationClass/007908.png
0	JPEGImages/007996.jpg	SegmentationClass/007996.png
0	JPEGImages/008043.jpg	SegmentationClass/008043.png
0	JPEGImages/008051.jpg	SegmentationClass/008051.png
0	JPEGImages/008072.jpg	SegmentationClass/008072.png
0	JPEGImages/008084.jpg	SegmentationClass/008084.png
0	JPEGImages/008106.jpg	SegmentationClass/008106.png
0	JPEGImages/008142.jpg	SegmentationClass/008142.png
0	JPEGImages/008203.jpg	SegmentationClass/008203.png
0	JPEGImages/008204.jpg	SegmentationClass/008204.png
0	JPEGImages/008218.jpg	SegmentationClass/008218.png
0	JPEGImages/008260.jpg	SegmentationClass/008260.png
0	JPEGImages/008374.jpg	SegmentationClass/008374.png
0	JPEGImages/008403.jpg	SegmentationClass/008403.png
0	JPEGImages/008468.jpg	SegmentationClass/008468.png
0	JPEGImages/008596.jpg	SegmentationClass/008596.png
0	JPEGImages/008645.jpg	SegmentationClass/008645.png
0	JPEGImages/008670.jpg	SegmentationClass/008670.png
0	JPEGImages/008764.jpg	SegmentationClass/008764.png
0	JPEGImages/008815.jpg	SegmentationClass/008815.png
0	JPEGImages/008932.jpg	SegmentationClass/008932.png
0	JPEGImages/008944.jpg	SegmentationClass/008944.png
0	JPEGImages/008948.jpg	SegmentationClass/008948.png
0	JPEGImages/008973.jpg	SegmentationClass/008973.png
0	JPEGImages/008980.jpg	SegmentationClass/008980.png
0	JPEGImages/009068.jpg	SegmentationClass/009068.png
0	JPEGImages/009209.jpg	SegmentationClass/009209.png
0	JPEGImages/009245.jpg	SegmentationClass/009245.png
0	JPEGImages/009251.jpg	SegmentationClass/009251.png
0	JPEGImages/009252.jpg	SegmentationClass/009252.png
0	JPEGImages/009295.jpg	SegmentationClass/009295.png
0	JPEGImages/009327.jpg	SegmentationClass/009327.png
0	JPEGImages/009392.jpg	SegmentationClass/009392.png
0	JPEGImages/009413.jpg	SegmentationClass/009413.png
0	JPEGImages/009419.jpg	SegmentationClass/009419.png
0	JPEGImages/009422.jpg	SegmentationClass/009422.png
0	JPEGImages/009446.jpg	SegmentationClass/009446.png
0	JPEGImages/009458.jpg	SegmentationClass/009458.png
0	JPEGImages/009562.jpg	SegmentationClass/009562.png
0	JPEGImages/009605.jpg	SegmentationClass/009605.png
0	JPEGImages/009618.jpg	SegmentationClass/009618.png
0	JPEGImages/009654.jpg	SegmentationClass/009654.png
0	JPEGImages/009684.jpg	SegmentationClass/009684.png
0	JPEGImages/009691.jpg	SegmentationClass/009691.png
0	JPEGImages/009709.jpg	SegmentationClass/009709.png
0	JPEGImages/009756.jpg	SegmentationClass/009756.png
0	JPEGImages/009807.jpg	SegmentationClass/009807.png
0	JPEGImages/009832.jpg	SegmentationClass/009832.png
0	JPEGImages/009911.jpg	SegmentationClass/009911.png
0	JPEGImages/009938.jpg	SegmentationClass/009938.png
