0	JPEGImages/000039.jpg	SegmentationClass/000039.png
0	JPEGImages/000063.jpg	SegmentationClass/000063.png
0	JPEGImages/000121.jpg	SegmentationClass/000121.png
0	JPEGImages/000123.jpg	SegmentationClass/000123.png
0	JPEGImages/000170.jpg	SegmentationClass/000170.png
0	JPEGImages/000241.jpg	SegmentationClass/000241.png
0	JPEGImages/000323.jpg	SegmentationClass/000323.png
0	JPEGImages/000332.jpg	SegmentationClass/000332.png
0	JPEGImages/000363.jpg	SegmentationClass/000363.png
0	JPEGImages/000464.jpg	SegmentationClass/000464.png
0	JPEGImages/000480.jpg	SegmentationClass/000480.png
0	JPEGImages/000491.jpg	SegmentationClass/000491.png
0	JPEGImages/000515.jpg	SegmentationClass/000515.png
0	JPEGImages/000645.jpg	SegmentationClass/000645.png
0	JPEGImages/000661.jpg	SegmentationClass/000661.png
0	JPEGImages/000663.jpg	SegmentationClass/000663.png
0	JPEGImages/000676.jpg	SegmentationClass/000676.png
0	JPEGImages/000713.jpg	SegmentationClass/000713.png
0	JPEGImages/000720.jpg	SegmentationClass/000720.png
0	JPEGImages/000738.jpg	SegmentationClass/000738.png
0	JPEGImages/000799.jpg	SegmentationClass/000799.png
0	JPEGImages/000847.jpg	SegmentationClass/000847.png
0	JPEGImages/000862.jpg	SegmentationClass/000862.png
0	JPEGImages/000876.jpg	SegmentationClass/000876.png
0	JPEGImages/001027.jpg	SegmentationClass/001027.png
0	JPEGImages/001149.jpg	SegmentationClass/001149.png
0	JPEGImages/001154.jpg	SegmentationClass/001154.png
0	JPEGImages/001175.jpg	SegmentationClass/001175.png
0	JPEGImages/001185.jpg	SegmentationClass/001185.png
0	JPEGImages/001225.jpg	SegmentationClass/001225.png
0	JPEGImages/001284.jpg	SegmentationClass/001284.png
0	JPEGImages/001288.jpg	SegmentationClass/001288.png
0	JPEGImages/001289.jpg	SegmentationClass/001289.png
0	JPEGImages/001311.jpg	SegmentationClass/001311.png
0	JPEGImages/001397.jpg	SegmentationClass/001397.png
0	JPEGImages/001430.jpg	SegmentationClass/001430.png
0	JPEGImages/001439.jpg	SegmentationClass/001439.png
0	JPEGImages/001595.jpg	SegmentationClass/001595.png
0	JPEGImages/001677.jpg	SegmentationClass/001677.png
0	JPEGImages/001678.jpg	SegmentationClass/001678.png
0	JPEGImages/001724.jpg	SegmentationClass/001724.png
0	JPEGImages/001872.jpg	SegmentationClass/001872.png
0	JPEGImages/001901.jpg	SegmentationClass/001901.png
0	JPEGImages/002024.jpg	SegmentationClass/002024.png
0	JPEGImages/002088.jpg	SegmentationClass/002088.png
0	JPEGImages/002094.jpg	SegmentationClass/002094.png
0	JPEGImages/002099.jpg	SegmentationClass/002099.png
0	JPEGImages/002142.jpg	SegmentationClass/002142.png
0	JPEGImages/002266.jpg	SegmentationClass/002266.png
0	JPEGImages/002268.jpg	SegmentationClass/002268.png
0	JPEGImages/002273.jpg	SegmentationClass/002273.png
0	JPEGImages/002281.jpg	SegmentationClass/002281.png
0	JPEGImages/002361.jpg	SegmentationClass/002361.png
0	JPEGImages/002376.jpg	SegmentationClass/002376.png
0	JPEGImages/002378.jpg	SegmentationClass/002378.png
0	JPEGImages/002387.jpg	SegmentationClass/002387.png
0	JPEGImages/002427.jpg	SegmentationClass/002427.png
0	JPEGImages/002462.jpg	SegmentationClass/002462.png
0	JPEGImages/002470.jpg	SegmentationClass/002470.png
0	JPEGImages/002565.jpg	SegmentationClass/002565.png
0	JPEGImages/002618.jpg	SegmentationClass/002618.png
0	JPEGImages/002643.jpg	SegmentationClass/002643.png
0	JPEGImages/002668.jpg	SegmentationClass/002668.png
0	JPEGImages/002760.jpg	SegmentationClass/002760.png
0	JPEGImages/002896.jpg	SegmentationClass/002896.png
0	JPEGImages/002954.jpg	SegmentationClass/002954.png
0	JPEGImages/002967.jpg	SegmentationClass/002967.png
0	JPEGImages/003000.jpg	SegmentationClass/003000.png
0	JPEGImages/003118.jpg	SegmentationClass/003118.png
0	JPEGImages/003137.jpg	SegmentationClass/003137.png
0	JPEGImages/003178.jpg	SegmentationClass/003178.png
0	JPEGImages/003189.jpg	SegmentationClass/003189.png
0	JPEGImages/003194.jpg	SegmentationClass/003194.png
0	JPEGImages/003195.jpg	SegmentationClass/003195.png
0	JPEGImages/003207.jpg	SegmentationClass/003207.png
0	JPEGImages/003451.jpg	SegmentationClass/003451.png
0	JPEGImages/003530.jpg	SegmentationClass/003530.png
0	JPEGImages/003580.jpg	SegmentationClass/003580.png
0	JPEGImages/003587.jpg	SegmentationClass/003587.png
0	JPEGImages/003593.jpg	SegmentationClass/003593.png
0	JPEGImages/003611.jpg	SegmentationClass/003611.png
0	JPEGImages/003711.jpg	SegmentationClass/003711.png
0	JPEGImages/003848.jpg	SegmentationClass/003848.png
0	JPEGImages/003872.jpg	SegmentationClass/003872.png
0	JPEGImages/003876.jpg	SegmentationClass/003876.png
0	JPEGImages/003957.jpg	SegmentationClass/003957.png
0	JPEGImages/004003.jpg	SegmentationClass/004003.png
0	JPEGImages/004143.jpg	SegmentationClass/004143.png
0	JPEGImages/004193.jpg	SegmentationClass/004193.png
0	JPEGImages/004275.jpg	SegmentationClass/004275.png
0	JPEGImages/004380.jpg	SegmentationClass/004380.png
0	JPEGImages/004405.jpg	SegmentationClass/004405.png
0	JPEGImages/004423.jpg	SegmentationClass/004423.png
0	JPEGImages/004459.jpg	SegmentationClass/004459.png
0	JPEGImages/004468.jpg	SegmentationClass/004468.png
0	JPEGImages/004558.jpg	SegmentationClass/004558.png
0	JPEGImages/004649.jpg	SegmentationClass/004649.png
0	JPEGImages/004707.jpg	SegmentationClass/004707.png
0	JPEGImages/004722.jpg	SegmentationClass/004722.png
0	JPEGImages/004768.jpg	SegmentationClass/004768.png
0	JPEGImages/004856.jpg	SegmentationClass/004856.png
0	JPEGImages/004866.jpg	SegmentationClass/004866.png
0	JPEGImages/004948.jpg	SegmentationClass/004948.png
0	JPEGImages/004998.jpg	SegmentationClass/004998.png
0	JPEGImages/005064.jpg	SegmentationClass/005064.png
0	JPEGImages/005144.jpg	SegmentationClass/005144.png
0	JPEGImages/005210.jpg	SegmentationClass/005210.png
0	JPEGImages/005212.jpg	SegmentationClass/005212.png
0	JPEGImages/005248.jpg	SegmentationClass/005248.png
0	JPEGImages/005264.jpg	SegmentationClass/005264.png
0	JPEGImages/005281.jpg	SegmentationClass/005281.png
0	JPEGImages/005314.jpg	SegmentationClass/005314.png
0	JPEGImages/005331.jpg	SegmentationClass/005331.png
0	JPEGImages/005430.jpg	SegmentationClass/005430.png
0	JPEGImages/005469.jpg	SegmentationClass/005469.png
0	JPEGImages/005608.jpg	SegmentationClass/005608.png
0	JPEGImages/005647.jpg	SegmentationClass/005647.png
0	JPEGImages/005696.jpg	SegmentationClass/005696.png
0	JPEGImages/005702.jpg	SegmentationClass/005702.png
0	JPEGImages/005790.jpg	SegmentationClass/005790.png
0	JPEGImages/005828.jpg	SegmentationClass/005828.png
0	JPEGImages/005845.jpg	SegmentationClass/005845.png
0	JPEGImages/005878.jpg	SegmentationClass/005878.png
0	JPEGImages/005988.jpg	SegmentationClass/005988.png
0	JPEGImages/005989.jpg	SegmentationClass/005989.png
0	JPEGImages/006028.jpg	SegmentationClass/006028.png
0	JPEGImages/006035.jpg	SegmentationClass/006035.png
0	JPEGImages/006046.jpg	SegmentationClass/006046.png
0	JPEGImages/006117.jpg	SegmentationClass/006117.png
0	JPEGImages/006136.jpg	SegmentationClass/006136.png
0	JPEGImages/006151.jpg	SegmentationClass/006151.png
0	JPEGImages/006212.jpg	SegmentationClass/006212.png
0	JPEGImages/006241.jpg	SegmentationClass/006241.png
0	JPEGImages/006254.jpg	SegmentationClass/006254.png
0	JPEGImages/006260.jpg	SegmentationClass/006260.png
0	JPEGImages/006277.jpg	SegmentationClass/006277.png
0	JPEGImages/006281.jpg	SegmentationClass/006281.png
0	JPEGImages/006348.jpg	SegmentationClass/006348.png
0	JPEGImages/006409.jpg	SegmentationClass/006409.png
0	JPEGImages/006444.jpg	SegmentationClass/006444.png
0	JPEGImages/006445.jpg	SegmentationClass/006445.png
0	JPEGImages/006449.jpg	SegmentationClass/006449.png
0	JPEGImages/006530.jpg	SegmentationClass/006530.png
0	JPEGImages/006553.jpg	SegmentationClass/006553.png
0	JPEGImages/006585.jpg	SegmentationClass/006585.png
0	JPEGImages/006647.jpg	SegmentationClass/006647.png
0	JPEGImages/006661.jpg	SegmentationClass/006661.png
0	JPEGImages/006673.jpg	SegmentationClass/006673.png
0	JPEGImages/006678.jpg	SegmentationClass/006678.png
0	JPEGImages/006699.jpg	SegmentationClass/006699.png
0	JPEGImages/006761.jpg	SegmentationClass/006761.png
0	JPEGImages/006802.jpg	SegmentationClass/006802.png
0	JPEGImages/006803.jpg	SegmentationClass/006803.png
0	JPEGImages/006841.jpg	SegmentationClass/006841.png
0	JPEGImages/006865.jpg	SegmentationClass/006865.png
0	JPEGImages/006944.jpg	SegmentationClass/006944.png
0	JPEGImages/007021.jpg	SegmentationClass/007021.png
0	JPEGImages/007048.jpg	SegmentationClass/007048.png
0	JPEGImages/007084.jpg	SegmentationClass/007084.png
0	JPEGImages/007109.jpg	SegmentationClass/007109.png
0	JPEGImages/007165.jpg	SegmentationClass/007165.png
0	JPEGImages/007211.jpg	SegmentationClass/007211.png
0	JPEGImages/007230.jpg	SegmentationClass/007230.png
0	JPEGImages/007414.jpg	SegmentationClass/007414.png
0	JPEGImages/007432.jpg	SegmentationClass/007432.png
0	JPEGImages/007470.jpg	SegmentationClass/007470.png
0	JPEGImages/007480.jpg	SegmentationClass/007480.png
0	JPEGImages/007498.jpg	SegmentationClass/007498.png
0	JPEGImages/007523.jpg	SegmentationClass/007523.png
0	JPEGImages/007585.jpg	SegmentationClass/007585.png
0	JPEGImages/007624.jpg	SegmentationClass/007624.png
0	JPEGImages/007649.jpg	SegmentationClass/007649.png
0	JPEGImages/007688.jpg	SegmentationClass/007688.png
0	JPEGImages/007772.jpg	SegmentationClass/007772.png
0	JPEGImages/007773.jpg	SegmentationClass/007773.png
0	JPEGImages/007815.jpg	SegmentationClass/007815.png
0	JPEGImages/007890.jpg	SegmentationClass/007890.png
0	JPEGImages/007902.jpg	SegmentationClass/007902.png
0	JPEGImages/007947.jpg	SegmentationClass/007947.png
0	JPEGImages/008085.jpg	SegmentationClass/008085.png
0	JPEGImages/008140.jpg	SegmentationClass/008140.png
0	JPEGImages/008222.jpg	SegmentationClass/008222.png
0	JPEGImages/008307.jpg	SegmentationClass/008307.png
0	JPEGImages/008415.jpg	SegmentationClass/008415.png
0	JPEGImages/008430.jpg	SegmentationClass/008430.png
0	JPEGImages/008526.jpg	SegmentationClass/008526.png
0	JPEGImages/008722.jpg	SegmentationClass/008722.png
0	JPEGImages/008747.jpg	SegmentationClass/008747.png
0	JPEGImages/008801.jpg	SegmentationClass/008801.png
0	JPEGImages/008927.jpg	SegmentationClass/008927.png
0	JPEGImages/009015.jpg	SegmentationClass/009015.png
0	JPEGImages/009221.jpg	SegmentationClass/009221.png
0	JPEGImages/009323.jpg	SegmentationClass/009323.png
0	JPEGImages/009331.jpg	SegmentationClass/009331.png
0	JPEGImages/009348.jpg	SegmentationClass/009348.png
0	JPEGImages/009464.jpg	SegmentationClass/009464.png
0	JPEGImages/009527.jpg	SegmentationClass/009527.png
0	JPEGImages/009533.jpg	SegmentationClass/009533.png
0	JPEGImages/009550.jpg	SegmentationClass/009550.png
0	JPEGImages/009580.jpg	SegmentationClass/009580.png
0	JPEGImages/009597.jpg	SegmentationClass/009597.png
0	JPEGImages/009649.jpg	SegmentationClass/009649.png
0	JPEGImages/009655.jpg	SegmentationClass/009655.png
0	JPEGImages/009687.jpg	SegmentationClass/009687.png
0	JPEGImages/009706.jpg	SegmentationClass/009706.png
0	JPEGImages/009724.jpg	SegmentationClass/009724.png
0	JPEGImages/009764.jpg	SegmentationClass/009764.png
0	JPEGImages/009794.jpg	SegmentationClass/009794.png
0	JPEGImages/009841.jpg	SegmentationClass/009841.png
0	JPEGImages/009897.jpg	SegmentationClass/009897.png
0	JPEGImages/009923.jpg	SegmentationClass/009923.png
0	JPEGImages/009947.jpg	SegmentationClass/009947.png
0	JPEGImages/009950.jpg	SegmentationClass/009950.png
